06-16 00:27:27.098 2942-2942/com.tencent.wework E/WeWork: isConnected
06-16 00:27:27.098 2942-2942/com.tencent.wework E/WeWork: isConnected
06-16 00:27:27.108 2942-2942/com.tencent.wework E/WeWork: isConnected
06-16 00:27:27.108 2942-2942/com.tencent.wework E/WeWork: isConnected
06-16 00:27:27.118 2942-6092/com.tencent.wework E/WeWork: getWifiState
06-16 00:27:27.118 2942-6092/com.tencent.wework E/WeWork: isWifiEnabled
06-16 00:27:27.128 2942-6092/com.tencent.wework E/WeWork: addGpsStatusListener
06-16 00:27:27.138 2942-6092/com.tencent.wework E/WeWork: isConnected
06-16 00:27:27.148 2942-6094/com.tencent.wework E/WeWork: getAllCellInfo
06-16 00:27:27.148 2942-6094/com.tencent.wework E/WeWork: getCellLocation
06-16 00:27:27.178 2942-2942/com.tencent.wework E/WeWork: requestLocationUpdates
06-16 00:27:27.178 2942-6092/com.tencent.wework E/WeWork: getScanResults
06-16 00:27:27.188 2942-2942/com.tencent.wework E/WeWork: getCellLocation
06-16 00:27:27.198 2942-6092/com.tencent.wework E/WeWork: getWifiState
06-16 00:27:27.198 2942-6092/com.tencent.wework E/WeWork: getWifiState
06-16 00:27:27.198 2942-6092/com.tencent.wework E/WeWork: isWifiEnabled
06-16 00:27:27.208 2942-6092/com.tencent.wework E/WeWork: getCellLocation
06-16 00:27:27.218 2942-6092/com.tencent.wework E/WeWork: getWifiState
06-16 00:27:27.218 2942-6092/com.tencent.wework E/WeWork: isWifiEnabled
06-16 00:27:27.218 2942-6092/com.tencent.wework E/WeWork: isConnected
06-16 00:27:27.218 2942-6092/com.tencent.wework E/WeWork: getBSSID
06-16 00:27:27.218 2942-6092/com.tencent.wework E/WeWork: getSSID
06-16 00:27:27.228 2942-5351/com.tencent.wework E/WeWork: isAvailable
06-16 00:27:27.228 2942-5351/com.tencent.wework E/WeWork: isConnected
06-16 00:27:27.228 2942-5351/com.tencent.wework E/WeWork: getSSID
06-16 00:27:27.228 2942-5351/com.tencent.wework E/WeWork: getBSSID
06-16 00:27:29.308 2942-6092/com.tencent.wework E/WeWork: getGpsStatus
06-16 00:27:29.358 2942-6092/com.tencent.wework E/WeWork: getScanResults
06-16 00:27:29.368 2942-6092/com.tencent.wework E/WeWork: getCellLocation
06-16 00:27:29.378 2942-6092/com.tencent.wework E/WeWork: getWifiState
06-16 00:27:29.378 2942-6092/com.tencent.wework E/WeWork: isWifiEnabled
06-16 00:27:29.378 2942-6092/com.tencent.wework E/WeWork: isConnected
06-16 00:27:29.378 2942-6092/com.tencent.wework E/WeWork: getBSSID
06-16 00:27:29.378 2942-6092/com.tencent.wework E/WeWork: getSSID
06-16 00:27:29.438 2942-6092/com.tencent.wework E/WeWork: getWifiState
06-16 00:27:29.438 2942-6092/com.tencent.wework E/WeWork: isWifiEnabled
06-16 00:27:29.438 2942-6092/com.tencent.wework E/WeWork: addGpsStatusListener
06-16 00:27:29.448 2942-6092/com.tencent.wework E/WeWork: isConnected
06-16 00:27:29.448 2942-6123/com.tencent.wework E/WeWork: getAllCellInfo
06-16 00:27:29.458 2942-2942/com.tencent.wework E/WeWork: isConnected
06-16 00:27:29.458 2942-2942/com.tencent.wework E/WeWork: isConnected
06-16 00:27:29.468 2942-2942/com.tencent.wework E/WeWork: isConnected
06-16 00:27:29.468 2942-6123/com.tencent.wework E/WeWork: getCellLocation
06-16 00:27:29.468 2942-2942/com.tencent.wework E/WeWork: isConnected
06-16 00:27:29.488 2942-2942/com.tencent.wework E/WeWork: requestLocationUpdates
06-16 00:27:29.488 2942-6092/com.tencent.wework E/WeWork: getScanResults
06-16 00:27:29.498 2942-6092/com.tencent.wework E/WeWork: getWifiState
06-16 00:27:29.498 2942-6092/com.tencent.wework E/WeWork: getWifiState
06-16 00:27:29.498 2942-6092/com.tencent.wework E/WeWork: isWifiEnabled
06-16 00:27:29.528 2942-6092/com.tencent.wework E/WeWork: getCellLocation
06-16 00:27:29.528 2942-6092/com.tencent.wework E/WeWork: getWifiState
06-16 00:27:29.528 2942-6092/com.tencent.wework E/WeWork: isWifiEnabled
06-16 00:27:29.538 2942-6092/com.tencent.wework E/WeWork: isConnected
06-16 00:27:29.538 2942-6092/com.tencent.wework E/WeWork: getBSSID
06-16 00:27:29.538 2942-6092/com.tencent.wework E/WeWork: getSSID
06-16 00:27:29.688 2942-6092/com.tencent.wework E/WeWork: isConnected
06-16 00:27:29.688 2942-6092/com.tencent.wework E/WeWork: getBSSID
06-16 00:27:29.688 2942-6092/com.tencent.wework E/WeWork: getSSID
06-16 00:27:29.698 2942-6139/com.tencent.wework E/WeWork: getTypeName
06-16 00:27:29.858 2942-6150/com.tencent.wework E/WeWork: getTypeName
06-16 00:27:29.898 2942-6153/com.tencent.wework E/WeWork: getTypeName
06-16 00:27:30.328 2942-6092/com.tencent.wework E/WeWork: getGpsStatus
06-16 00:27:30.808 2942-2942/com.tencent.wework E/WeWork: getCellLocation
06-16 00:27:31.388 2942-6092/com.tencent.wework E/WeWork: getGpsStatus
06-16 00:27:31.538 2942-2942/com.tencent.wework E/WeWork: isConnected
06-16 00:27:31.538 2942-2942/com.tencent.wework E/WeWork: isConnected
06-16 00:27:31.538 2942-2942/com.tencent.wework E/WeWork: isConnected
06-16 00:27:31.538 2942-2942/com.tencent.wework E/WeWork: isConnected
06-16 00:27:32.308 2942-6092/com.tencent.wework E/WeWork: getGpsStatus
06-16 00:27:33.318 2942-6092/com.tencent.wework E/WeWork: getGpsStatus
06-16 00:27:34.318 2942-6092/com.tencent.wework E/WeWork: getGpsStatus
06-16 00:27:35.308 2942-6092/com.tencent.wework E/WeWork: getGpsStatus
06-16 00:27:36.308 2942-6092/com.tencent.wework E/WeWork: getGpsStatus
06-16 00:27:37.308 2942-6092/com.tencent.wework E/WeWork: getGpsStatus
06-16 00:27:37.438 2942-6092/com.tencent.wework E/WeWork: getWifiState
06-16 00:27:37.438 2942-6092/com.tencent.wework E/WeWork: isWifiEnabled
